// Jest Snapshot v1, https://goo.gl/fbAQLP

exports[`List should render a list of tweets 1`] = `
<ul>
  <li>
    <span>
      <a
        href="github.com/facebook/jest"
      >
        facebook
        /
        jest
      </a>
      : 
    </span>
    <span>
      <span>
        JavaScript
        , 
      </span>
    </span>
  </li>
</ul>
`;
